0%...10%...20%...30%...40%...50%...60%...70%...80%...90%...Deleting snapshot 'qoder-baked-20260920b' (5d68c414-487b-464c-9728-2d09afc8e54c)
100%
rc=0 5d68c414-487b-464c-9728-2d09afc8e54c
0%...10%...20%...30%...40%...50%...60%...70%...80%...90%...100%
Deleting snapshot 'qoder-baked-20260921c' (1e7f2f59-ff58-4283-bff4-51feb4ae6a41)
rc=0 1e7f2f59-ff58-4283-bff4-51feb4ae6a41
0%...10%...20%...30%...40%...50%...60%...70%...80%...90%...100%
Deleting snapshot 'qoder-baked-20260921d' (4b631930-9c0f-474b-a8ab-ebf34e9938a3)
rc=0 4b631930-9c0f-474b-a8ab-ebf34e9938a3
0%...10%...20%...30%...40%...50%...60%...70%...80%...90%...100%
Deleting snapshot 'qoder-baked-20260921e' (b778a58c-ef1b-4b0f-bccd-78e9efa0ad59)
rc=0 b778a58c-ef1b-4b0f-bccd-78e9efa0ad59
0%...10%...20%...30%...40%...50%...60%...70%...80%...90%...100%
Deleting snapshot 'qoder-baked-20260921f' (e0d30788-3054-4bc1-9eda-9ae8f4c042b4)
rc=0 e0d30788-3054-4bc1-9eda-9ae8f4c042b4
0%...10%...20%...30%...40%...50%...60%...70%...80%...90%...100%
Deleting snapshot 'qoder-baked-20260921g' (a3400a9d-1a39-4fe5-939e-8de14ab738fe)
rc=0 a3400a9d-1a39-4fe5-939e-8de14ab738fe
0%...10%...20%...30%...40%...50%...60%...70%...80%...90%...100%
Deleting snapshot 'qoder-baked-20260921g' (d67da96f-d788-46d8-a810-886fded3f8cf)
rc=0 d67da96f-d788-46d8-a810-886fded3f8cf
0%...10%...20%...30%...40%...50%...60%...70%...80%...90%...100%
Deleting snapshot 'qoder-baked-20260921h' (1254098d-2d3d-48a3-a33a-c1dc31189be5)
rc=0 1254098d-2d3d-48a3-a33a-c1dc31189be5
0%...10%...20%...30%...40%...50%...60%...70%...80%...90%...100%
Deleting snapshot 'qoder-baked-20260921i' (7b881d81-e467-45df-93b1-32147f5a48f3)
rc=0 7b881d81-e467-45df-93b1-32147f5a48f3
0%...10%...20%...30%...40%...50%...60%...70%...80%...90%...100%
Deleting snapshot 'qoder-baked-20260921j' (ec98d39a-cd7a-4e9f-988c-fac591d004d4)
rc=0 ec98d39a-cd7a-4e9f-988c-fac591d004d4
0%...10%...20%...30%...40%...50%...60%...70%...80%...90%...100%
Deleting snapshot 'ept-real-decode-20260922C-postmortem' (b471311b-cb0e-4c6f-8932-1cfc997b4123)
rc=0 b471311b-cb0e-4c6f-8932-1cfc997b4123
0%...10%...20%...30%...40%...50%...60%...70%...80%...90%...100%
Deleting snapshot 'ept-real-decode-20260922B-postmortem' (0f554d56-cdbb-4376-a741-912bcf801436)
rc=0 0f554d56-cdbb-4376-a741-912bcf801436
0%...10%...20%...30%...40%...50%...60%...70%...80%...90%...100%
Deleting snapshot 'ept-real-decode-20260922A-postmortem' (061bcd87-bd3c-46a7-865c-58aa15b4da94)
rc=0 061bcd87-bd3c-46a7-865c-58aa15b4da94
0%...10%...20%...30%...40%...50%...60%...70%...80%...90%...100%
Deleting snapshot 'qoder-backup-20260919' (84652ad4-5ba5-4dbb-ae01-416984f97f62)
rc=0 84652ad4-5ba5-4dbb-ae01-416984f97f62
0%...10%...20%...30%...40%...50%...60%...70%...80%...90%...100%
Deleting snapshot 'qoder-armed2-20260919' (ffc845d8-fc72-4b2b-8358-d1f1680ccdac)
rc=0 ffc845d8-fc72-4b2b-8358-d1f1680ccdac
