=== 4b24ac5e-f847-4a05-b23a-417181e99fd1
0%...10%...20%...30%...40%...50%...60%...70%...80%...90%...100%
Deleting snapshot 'ept-real-decode-20260922D-postmortem' (4b24ac5e-f847-4a05-b23a-417181e99fd1)
rc=0
=== 12b5c359-fd02-4b9c-ba22-502149e2d347
0%...10%...20%...30%...40%...50%...60%...70%...80%...90%...100%
Deleting snapshot 'ept-real-decode-20260922E-postmortem' (12b5c359-fd02-4b9c-ba22-502149e2d347)
rc=0
=== 2d988d43-8850-4d56-89af-bfd1d5df7016
0%...10%...20%...30%...40%...50%...60%...70%...80%...90%...100%
Deleting snapshot 'ept-real-decode-20260922F-postmortem' (2d988d43-8850-4d56-89af-bfd1d5df7016)
rc=0
=== b479f453-5a9a-4bd5-80d1-07bfd6dc26f6
0%...10%...20%...30%...40%...50%...60%...70%...80%...90%...100%
Deleting snapshot 'ept-real-decode-20260922G-postmortem' (b479f453-5a9a-4bd5-80d1-07bfd6dc26f6)
rc=0
=== a70c77cb-3b11-4354-bb23-5d8f8049a75a
0%...10%...20%...30%...40%...50%...60%...70%...80%...90%...100%
Deleting snapshot 'ept-real-decode-20260922H2-postmortem' (a70c77cb-3b11-4354-bb23-5d8f8049a75a)
rc=0
=== 37e9fdb5-0e05-4787-a69f-34b28918dbc5
0%...10%...20%...30%...40%...50%...60%...70%...80%...90%...100%
Deleting snapshot 'ept-real-decode-20260922H3-postmortem' (37e9fdb5-0e05-4787-a69f-34b28918dbc5)
rc=0
=== 98e6e5b1-d008-42f6-87d2-8c1d4f7f1824
0%...10%...20%...30%...40%...50%...60%...70%...80%...90%...100%
Deleting snapshot 'ept-real-decode-20260922H4-postmortem' (98e6e5b1-d008-42f6-87d2-8c1d4f7f1824)
rc=0
=== 292e6128-e66c-427c-93bc-eeeb0a250716
0%...10%...20%...30%...40%...50%...60%...70%...80%...90%...100%
Deleting snapshot 'ept-real-decode-20260922H6-postmortem' (292e6128-e66c-427c-93bc-eeeb0a250716)
rc=0
=== 82532aa7-2ec6-44d5-bdeb-b94b750820c7
0%...10%...20%...30%...40%...50%...60%...70%...80%...90%...100%
Deleting snapshot 'ept-real-decode-20260922H7-postmortem' (82532aa7-2ec6-44d5-bdeb-b94b750820c7)
rc=0
=== e4c89848-60d2-46d8-8b2b-d191aa5ea690
0%...10%...20%...30%...40%...50%...60%...70%...80%...90%...100%
Deleting snapshot 'ept-real-decode-20260922H8-postmortem' (e4c89848-60d2-46d8-8b2b-d191aa5ea690)
rc=0
=== 39c180f4-610d-4fd1-8bb6-b9df112f410a
0%...10%...20%...30%...40%...50%...60%...70%...80%...90%...100%
Deleting snapshot 'ept-real-decode-20260922H9-postmortem' (39c180f4-610d-4fd1-8bb6-b9df112f410a)
rc=0
=== b5502215-f72b-4bbb-9581-d0acdce7d18a
0%...10%...20%...30%...40%...50%...60%...70%...80%...90%...100%
Deleting snapshot 'ept-real-decode-20260922H10-postmortem' (b5502215-f72b-4bbb-9581-d0acdce7d18a)
rc=0
=== 2958da75-29dd-4b7a-b000-9ef82f95078e
0%...10%...20%...30%...40%...50%...60%...70%...80%...90%...100%
Deleting snapshot 'ept-real-decode-20260922H11-postmortem' (2958da75-29dd-4b7a-b000-9ef82f95078e)
rc=0
=== 7ee55dea-427b-4b38-b223-510d6ce35273
0%...10%...20%...30%...40%...50%...60%...70%...80%...90%...100%
Deleting snapshot 'ept-real-decode-20260922H12-postmortem' (7ee55dea-427b-4b38-b223-510d6ce35273)
rc=0
=== 558b4fc4-1668-4bac-9da3-d1066d6b26ee
0%...10%...20%...30%...40%...50%...60%...70%...80%...90%...100%
Deleting snapshot 'ept-real-decode-20260922H13-postmortem' (558b4fc4-1668-4bac-9da3-d1066d6b26ee)
rc=0
=== 93522270-d345-4e4f-ac24-b907519743ae
0%...10%...20%...30%...40%...50%...60%...70%...80%...90%...100%
Deleting snapshot 'ept-real-decode-20260922H14-postmortem' (93522270-d345-4e4f-ac24-b907519743ae)
rc=0
